// Jest Snapshot v1, https://goo.gl/fbAQLP

exports[`<Home /> Renders correctly 1`] = `
<View
  style={
    Array [
      Object {
        "backgroundColor": "#F5FCFF",
        "flex": 1,
        "flexDirection": "column",
        "paddingTop": 5,
      },
    ]
  }
  testID="home-root"
>
  <View
    style={
      Object {
        "backgroundColor": "#ffffff",
        "elevation": 5,
        "flex": 1,
        "flexDirection": "row",
        "marginBottom": 4,
        "marginTop": 4,
        "shadowColor": "#000",
        "shadowOffset": Object {
          "height": 2,
          "width": 0,
        },
        "shadowOpacity": 0.25,
        "shadowRadius": 3.84,
      }
    }
  >
    <View
      style={
        Object {
          "flex": 4,
          "flexDirection": "column",
          "padding": 10,
        }
      }
    >
      <Text
        style={
          Object {
            "flex": 1,
            "fontSize": 18,
          }
        }
      >
        Sessions
      </Text>
      <View
        style={
          Object {
            "flex": 3,
            "flexDirection": "column",
            "justifyContent": "space-evenly",
          }
        }
        testID="session-teaser-root"
      >
        <View
          style={
            Object {
              "flex": 1,
              "flexDirection": "row",
              "justifyContent": "space-between",
              "padding": 10,
            }
          }
        >
          <Text
            testID="session-name"
          >
            Thu Sep 26 12:19:14 2019
          </Text>
        </View>
        <View
          style={
            Object {
              "flex": 2,
              "flexDirection": "row",
              "justifyContent": "space-between",
              "padding": 10,
            }
          }
        >
          <View
            style={
              Object {
                "alignItems": "flex-start",
                "flexDirection": "column",
              }
            }
          >
            <Text>
              Workout:
            </Text>
            <Text
              testID="workout-name"
            >
              Texas Method A
            </Text>
          </View>
          <View
            style={
              Object {
                "alignItems": "center",
                "flexDirection": "column",
              }
            }
          >
            <Text>
              Completed:
            </Text>
            <Text
              testID="completion-percentage"
            >
              78%
            </Text>
          </View>
          <View
            style={
              Object {
                "alignItems": "center",
                "flexDirection": "column",
              }
            }
          >
            <Text>
              Duration:
            </Text>
            <Text
              testID="session-duration"
            >
              15
              s
            </Text>
          </View>
        </View>
      </View>
    </View>
    <View
      style={
        Array [
          Object {
            "flex": 1,
            "flexDirection": "column",
          },
          undefined,
        ]
      }
    >
      <View
        accessible={true}
        focusable={true}
        isTVSelectable={true}
        onClick={[Function]}
        onResponderGrant={[Function]}
        onResponderMove={[Function]}
        onResponderRelease={[Function]}
        onResponderTerminate={[Function]}
        onResponderTerminationRequest={[Function]}
        onStartShouldSetResponder={[Function]}
        style={
          Object {
            "alignSelf": "stretch",
            "backgroundColor": "#21897E",
            "flex": 1,
            "opacity": 1,
          }
        }
      >
        <View
          style={
            Object {
              "flex": 1,
              "justifyContent": "center",
            }
          }
        >
          <Text
            style={
              Object {
                "alignSelf": "center",
                "color": "#ffffff",
                "fontSize": 20,
              }
            }
          >
            List
          </Text>
        </View>
      </View>
    </View>
  </View>
  <View
    style={
      Object {
        "backgroundColor": "#ffffff",
        "elevation": 5,
        "flex": 1,
        "flexDirection": "row",
        "marginBottom": 4,
        "marginTop": 4,
        "shadowColor": "#000",
        "shadowOffset": Object {
          "height": 2,
          "width": 0,
        },
        "shadowOpacity": 0.25,
        "shadowRadius": 3.84,
      }
    }
  >
    <View
      style={
        Object {
          "flex": 4,
          "flexDirection": "column",
          "padding": 10,
        }
      }
    >
      <Text
        style={
          Object {
            "flex": 1,
            "fontSize": 18,
          }
        }
      >
        Next Workout
      </Text>
      <View
        style={
          Object {
            "flex": 2,
          }
        }
      >
        <View
          style={
            Object {
              "height": 70,
              "width": 160,
            }
          }
        >
          <RCTPicker
            items={
              Array [
                Object {
                  "label": "Texas Method A",
                  "textColor": undefined,
                  "value": "DQkECwYLCQQ",
                },
                Object {
                  "label": "Texas Method B",
                  "textColor": undefined,
                  "value": "DAwJBQEMAA0",
                },
              ]
            }
            onChange={[Function]}
            onResponderTerminationRequest={[Function]}
            onStartShouldSetResponder={[Function]}
            selectedIndex={1}
            style={
              Array [
                Object {
                  "height": 216,
                },
                undefined,
              ]
            }
            testID="workout-picker"
          />
        </View>
      </View>
    </View>
    <View
      style={
        Array [
          Object {
            "flex": 1,
            "flexDirection": "column",
          },
          undefined,
        ]
      }
    >
      <View
        accessible={true}
        focusable={true}
        isTVSelectable={true}
        onClick={[Function]}
        onResponderGrant={[Function]}
        onResponderMove={[Function]}
        onResponderRelease={[Function]}
        onResponderTerminate={[Function]}
        onResponderTerminationRequest={[Function]}
        onStartShouldSetResponder={[Function]}
        style={
          Object {
            "alignSelf": "stretch",
            "backgroundColor": "#21897E",
            "flex": 1,
            "opacity": 1,
          }
        }
      >
        <View
          style={
            Object {
              "flex": 1,
              "justifyContent": "center",
            }
          }
        >
          <Text
            style={
              Object {
                "alignSelf": "center",
                "color": "#ffffff",
                "fontSize": 20,
              }
            }
          >
            Go
          </Text>
        </View>
      </View>
    </View>
  </View>
  <View
    style={
      Object {
        "backgroundColor": "#ffffff",
        "elevation": 5,
        "flex": 1,
        "flexDirection": "row",
        "marginBottom": 4,
        "marginTop": 4,
        "shadowColor": "#000",
        "shadowOffset": Object {
          "height": 2,
          "width": 0,
        },
        "shadowOpacity": 0.25,
        "shadowRadius": 3.84,
      }
    }
  >
    <View
      style={
        Object {
          "flex": 4,
          "flexDirection": "column",
          "padding": 10,
        }
      }
    >
      <Text
        style={
          Object {
            "flex": 1,
            "fontSize": 18,
          }
        }
      >
        Workouts
      </Text>
    </View>
    <View
      style={
        Array [
          Object {
            "flex": 1,
            "flexDirection": "column",
          },
          undefined,
        ]
      }
    >
      <View
        accessible={true}
        focusable={true}
        isTVSelectable={true}
        onClick={[Function]}
        onResponderGrant={[Function]}
        onResponderMove={[Function]}
        onResponderRelease={[Function]}
        onResponderTerminate={[Function]}
        onResponderTerminationRequest={[Function]}
        onStartShouldSetResponder={[Function]}
        style={
          Object {
            "alignSelf": "stretch",
            "backgroundColor": "#21897E",
            "flex": 1,
            "opacity": 1,
          }
        }
      >
        <View
          style={
            Object {
              "flex": 1,
              "justifyContent": "center",
            }
          }
        >
          <Text
            style={
              Object {
                "alignSelf": "center",
                "color": "#ffffff",
                "fontSize": 20,
              }
            }
          >
            Edit
          </Text>
        </View>
      </View>
    </View>
  </View>
  <View
    style={
      Object {
        "backgroundColor": "#ffffff",
        "elevation": 5,
        "flex": 1,
        "flexDirection": "row",
        "marginBottom": 4,
        "marginTop": 4,
        "shadowColor": "#000",
        "shadowOffset": Object {
          "height": 2,
          "width": 0,
        },
        "shadowOpacity": 0.25,
        "shadowRadius": 3.84,
      }
    }
  >
    <View
      style={
        Object {
          "flex": 4,
          "flexDirection": "column",
          "padding": 10,
        }
      }
    >
      <Text
        style={
          Object {
            "flex": 1,
            "fontSize": 18,
          }
        }
      >
        Exercises
      </Text>
    </View>
    <View
      style={
        Array [
          Object {
            "flex": 1,
            "flexDirection": "column",
          },
          undefined,
        ]
      }
    >
      <View
        accessible={true}
        focusable={true}
        isTVSelectable={true}
        onClick={[Function]}
        onResponderGrant={[Function]}
        onResponderMove={[Function]}
        onResponderRelease={[Function]}
        onResponderTerminate={[Function]}
        onResponderTerminationRequest={[Function]}
        onStartShouldSetResponder={[Function]}
        style={
          Object {
            "alignSelf": "stretch",
            "backgroundColor": "#21897E",
            "flex": 1,
            "opacity": 1,
          }
        }
      >
        <View
          style={
            Object {
              "flex": 1,
              "justifyContent": "center",
            }
          }
        >
          <Text
            style={
              Object {
                "alignSelf": "center",
                "color": "#ffffff",
                "fontSize": 20,
              }
            }
          >
            Edit
          </Text>
        </View>
      </View>
    </View>
  </View>
</View>
`;
